[2J[01;01H[=3h[2J[01;01H[2J[01;01H[=3h[2J[01;01H[2J[01;01H[=3h[2J[01;01HBdsDxe: loading Boot0001 "UEFI QEMU HARDDISK QM00001 " from PciRoot(0x0)/Pci(0x1F,0x2)/Sata(0x0,0xFFFF,0x0)
BdsDxe: starting Boot0001 "UEFI QEMU HARDDISK QM00001 " from PciRoot(0x0)/Pci(0x1F,0x2)/Sata(0x0,0xFFFF,0x0)
!!!! X64 Exception Type - 06(#UD - Invalid Opcode)  CPU Apic ID - 00000000 !!!!
RIP  - 000000001DF57C92, CS  - 0000000000000038, RFLAGS - 0000000000010202
RAX  - 000000001DF82CBA, RCX - 000000001DF991F8, RDX - 0000000000000008
RBX  - 000000001E7EA918, RSP - 000000001FE8E320, RBP - 000000001FE8E870
RSI  - 000000001E7F7218, RDI - 000000001E7EA918
R8   - 0000000000000000, R9  - 000000001DF82498, R10 - 0000000000000400
R11  - 000000001FEA93D8, R12 - 0000000000000000, R13 - 0000000000000000
R14  - 000000001DF9C018, R15 - 000000001E7F7218
DS   - 0000000000000030, ES  - 0000000000000030, FS  - 0000000000000030
GS   - 0000000000000030, SS  - 0000000000000030
CR0  - 0000000080010033, CR2 - 0000000000000000, CR3 - 000000001F801000
CR4  - 0000000000000668, CR8 - 0000000000000000
DR0  - 0000000000000000, DR1 - 0000000000000000, DR2 - 0000000000000000
DR3  - 0000000000000000, DR6 - 00000000FFFF0FF0, DR7 - 0000000000000400
GDTR - 000000001F5DC000 0000000000000047, LDTR - 0000000000000000
IDTR - 000000001F0FC018 0000000000000FFF,   TR - 0000000000000000
FXSAVE_STATE - 000000001FE8DF80
!!!! Find image based on IP(0x1DF57C92) tuff_radical_kernel-100996b6e6218275.pdb (ImageBase=000000001DF03000, EntryPoint=000000001DF31E90) !!!!
